<testsuites id="" name="" tests="3" failures="0" skipped="0" errors="0" time="20.254891000000004">
<testsuite name="example.spec.js" timestamp="2026-06-06T17:11:49.985Z" hostname="chromium" tests="3" failures="0" skipped="0" time="13.701" errors="0">
<testcase name="user rides › user should be able to ride" classname="example.spec.js" time="4.387">
</testcase>
<testcase name="user rides › user above height should not be allowed" classname="example.spec.js" time="4.897">
</testcase>
<testcase name="user rides › user with minimum height should be allowed" classname="example.spec.js" time="4.417">
</testcase>
</testsuite>
</testsuites>